// Jest Snapshot v1, https://goo.gl/fbAQLP

exports[`Message Integration creates a message 1`] = `
Object {
  "id": Any<String>,
  "text": "Testing 123",
}
`;
